mode: set
kademlia/internal/core/entities/address.go:15.2,16.16 2 1
kademlia/internal/core/entities/address.go:17.3,18.1 1 1
kademlia/internal/core/entities/address.go:20.2,21.16 2 1
kademlia/internal/core/entities/address.go:22.3,23.1 1 1
kademlia/internal/core/entities/address.go:25.2,28.1 2 1
kademlia/internal/core/entities/address.go:29.2,29.21 2 1
kademlia/internal/core/entities/address.go:33.2,34.1 1 1
kademlia/internal/core/entities/kademliaid.go:18.2,19.16 2 1
kademlia/internal/core/entities/kademliaid.go:20.3,21.1 1 0
kademlia/internal/core/entities/kademliaid.go:22.2,22.37 1 1
kademlia/internal/core/entities/kademliaid.go:23.3,24.1 1 0
kademlia/internal/core/entities/kademliaid.go:26.2,27.34 2 1
kademlia/internal/core/entities/kademliaid.go:28.3,29.1 1 1
kademlia/internal/core/entities/kademliaid.go:31.2,31.28 1 1
kademlia/internal/core/entities/kademliaid.go:37.2,38.34 2 0
kademlia/internal/core/entities/kademliaid.go:39.3,40.1 1 0
kademlia/internal/core/entities/kademliaid.go:41.2,41.23 1 0
kademlia/internal/core/entities/kademliaid.go:45.2,47.1 2 1
kademlia/internal/core/entities/kademliaid.go:50.2,51.1 1 0
kademlia/internal/core/entities/kademliaid.go:55.2,55.34 1 0
kademlia/internal/core/entities/kademliaid.go:56.3,56.34 1 0
kademlia/internal/core/entities/kademliaid.go:57.4,58.1 1 0
kademlia/internal/core/entities/kademliaid.go:60.2,60.14 1 0
kademlia/internal/core/entities/kademliaid.go:65.2,65.34 1 1
kademlia/internal/core/entities/kademliaid.go:66.3,66.34 1 1
kademlia/internal/core/entities/kademliaid.go:67.4,68.1 1 0
kademlia/internal/core/entities/kademliaid.go:70.2,70.13 1 1
kademlia/internal/core/entities/kademliaid.go:76.2,77.34 2 0
kademlia/internal/core/entities/kademliaid.go:78.3,79.1 1 0
kademlia/internal/core/entities/kademliaid.go:80.2,80.16 1 0
kademlia/internal/core/entities/kademliaid.go:85.2,86.1 1 0
kademlia/internal/core/entities/kademliaid.go:89.2,90.1 1 1
kademlia/internal/cli/root.go:20.2,29.55 3 1
kademlia/internal/cli/root.go:30.4,30.26 1 1
kademlia/internal/cli/root.go:31.5,34.19 2 1
kademlia/internal/cli/root.go:35.6,36.1 1 1
kademlia/internal/cli/root.go:37.5,37.49 1 1
kademlia/internal/cli/root.go:39.4,39.27 1 1
kademlia/internal/cli/root.go:42.2,61.20 4 1
kademlia/internal/adapters/dns.go:14.2,15.1 1 0
kademlia/internal/adapters/dns.go:18.2,19.16 2 0
kademlia/internal/adapters/dns.go:20.3,21.1 1 0
kademlia/internal/adapters/dns.go:22.2,22.27 1 0
kademlia/internal/adapters/dns.go:23.3,24.59 2 0
kademlia/internal/adapters/dns.go:25.4,26.1 1 0
kademlia/internal/adapters/dns.go:28.2,28.83 1 0
kademlia/internal/adapters/in_memory_data_store_adapter.go:17.2,19.1 1 1
kademlia/internal/adapters/in_memory_data_store_adapter.go:25.2,27.1 4 1
kademlia/internal/adapters/in_memory_data_store_adapter.go:28.2,29.13 4 1
kademlia/internal/adapters/in_memory_data_store_adapter.go:30.3,31.1 1 1
kademlia/internal/adapters/in_memory_data_store_adapter.go:33.2,33.17 1 1
kademlia/internal/adapters/in_memory_data_store_adapter.go:40.2,42.30 3 1
kademlia/internal/adapters/in_memory_data_store_adapter.go:43.3,44.1 1 1
kademlia/internal/adapters/in_memory_data_store_adapter.go:46.2,49.12 4 1
kademlia/internal/adapters/in_memory_data_store_adapter.go:53.2,56.27 4 1
kademlia/internal/adapters/in_memory_data_store_adapter.go:57.3,58.1 1 1
kademlia/internal/adapters/in_memory_data_store_adapter.go:59.2,59.13 1 1
kademlia/internal/adapters/mock_newtwork_adapter.go:43.2,43.62 1 1
kademlia/internal/adapters/mock_newtwork_adapter.go:44.3,44.62 1 1
kademlia/internal/adapters/mock_newtwork_adapter.go:46.2,50.1 1 1
kademlia/internal/adapters/mock_newtwork_adapter.go:54.2,54.35 1 1
kademlia/internal/adapters/mock_newtwork_adapter.go:55.3,56.1 1 1
kademlia/internal/adapters/mock_newtwork_adapter.go:57.2,57.35 1 1
kademlia/internal/adapters/mock_newtwork_adapter.go:58.3,59.1 1 1
kademlia/internal/adapters/mock_newtwork_adapter.go:60.2,60.48 1 1
kademlia/internal/adapters/mock_newtwork_adapter.go:64.2,66.47 3 1
kademlia/internal/adapters/mock_newtwork_adapter.go:67.3,68.1 1 1
kademlia/internal/adapters/mock_newtwork_adapter.go:69.2,76.1 4 1
kademlia/internal/adapters/mock_newtwork_adapter.go:77.2,77.24 4 1
kademlia/internal/adapters/mock_newtwork_adapter.go:81.2,86.1 5 1
kademlia/internal/adapters/mock_newtwork_adapter.go:87.2,88.55 5 1
kademlia/internal/adapters/mock_newtwork_adapter.go:89.3,90.1 1 1
kademlia/internal/adapters/mock_newtwork_adapter.go:91.2,99.1 4 1
kademlia/internal/adapters/mock_newtwork_adapter.go:100.2,100.24 4 1
kademlia/internal/adapters/mock_newtwork_adapter.go:104.2,105.1 1 0
kademlia/internal/adapters/mock_newtwork_adapter.go:108.2,110.49 3 1
kademlia/internal/adapters/mock_newtwork_adapter.go:111.3,111.21 1 1
kademlia/internal/adapters/mock_newtwork_adapter.go:112.4,113.1 1 1
kademlia/internal/adapters/mock_newtwork_adapter.go:114.3,117.1 2 1
kademlia/internal/adapters/mock_newtwork_adapter.go:118.3,118.10 2 1
kademlia/internal/adapters/mock_newtwork_adapter.go:120.4,120.14 1 1
kademlia/internal/adapters/mock_newtwork_adapter.go:122.4,122.30 1 1
kademlia/internal/adapters/mock_newtwork_adapter.go:125.2,125.31 1 1
kademlia/internal/adapters/mock_newtwork_adapter.go:129.2,131.14 3 1
kademlia/internal/adapters/mock_newtwork_adapter.go:132.3,133.1 1 1
kademlia/internal/adapters/mock_newtwork_adapter.go:134.2,134.52 1 1
kademlia/internal/adapters/mock_newtwork_adapter.go:138.2,141.12 4 1
kademlia/internal/adapters/mock_newtwork_adapter.go:142.3,143.1 1 1
kademlia/internal/adapters/mock_newtwork_adapter.go:144.2,145.9 2 1
kademlia/internal/adapters/mock_newtwork_adapter.go:146.3,147.1 1 1
kademlia/internal/adapters/mock_newtwork_adapter.go:148.2,148.44 1 1
kademlia/internal/adapters/mock_newtwork_adapter.go:152.2,154.1 3 1
kademlia/internal/adapters/mock_newtwork_adapter.go:155.2,155.14 3 1
kademlia/internal/adapters/mock_newtwork_adapter.go:156.3,157.1 1 1
kademlia/internal/adapters/mock_newtwork_adapter.go:158.2,159.1 6 1
kademlia/internal/adapters/mock_newtwork_adapter.go:160.2,164.12 6 1
kademlia/internal/adapters/mock_newtwork_adapter.go:168.2,170.14 3 1
kademlia/internal/adapters/mock_newtwork_adapter.go:171.3,172.1 1 1
kademlia/internal/adapters/mock_newtwork_adapter.go:173.2,173.65 1 1
kademlia/internal/adapters/mock_newtwork_adapter.go:179.2,182.12 4 1
kademlia/internal/adapters/mock_newtwork_adapter.go:183.3,184.1 1 1
kademlia/internal/adapters/mock_newtwork_adapter.go:186.2,186.29 1 1
kademlia/internal/adapters/mock_newtwork_adapter.go:187.3,188.10 2 1
kademlia/internal/adapters/mock_newtwork_adapter.go:189.4,190.1 1 1
kademlia/internal/adapters/mock_newtwork_adapter.go:191.3,191.30 1 1
kademlia/internal/adapters/mock_newtwork_adapter.go:194.2,196.1 3 1
kademlia/internal/adapters/mock_newtwork_adapter.go:197.2,197.9 3 1
kademlia/internal/adapters/mock_newtwork_adapter.go:199.3,199.10 1 1
kademlia/internal/adapters/mock_newtwork_adapter.go:200.4,201.1 1 1
kademlia/internal/adapters/mock_newtwork_adapter.go:202.3,202.30 1 1
kademlia/internal/adapters/mock_newtwork_adapter.go:204.3,204.31 1 1
kademlia/internal/adapters/mock_newtwork_adapter.go:209.2,211.14 3 1
kademlia/internal/adapters/mock_newtwork_adapter.go:212.3,213.1 1 1
kademlia/internal/adapters/mock_newtwork_adapter.go:214.2,215.1 6 1
kademlia/internal/adapters/mock_newtwork_adapter.go:216.2,220.12 6 1
kademlia/internal/adapters/udp_network_adapter.go:25.2,26.1 1 1
kademlia/internal/adapters/udp_network_adapter.go:29.2,30.16 2 1
kademlia/internal/adapters/udp_network_adapter.go:31.3,32.1 1 1
kademlia/internal/adapters/udp_network_adapter.go:33.2,34.16 2 1
kademlia/internal/adapters/udp_network_adapter.go:35.3,36.1 1 1
kademlia/internal/adapters/udp_network_adapter.go:37.2,39.1 2 1
kademlia/internal/adapters/udp_network_adapter.go:40.2,40.24 2 1
kademlia/internal/adapters/udp_network_adapter.go:44.2,45.16 2 1
kademlia/internal/adapters/udp_network_adapter.go:46.3,47.1 1 1
kademlia/internal/adapters/udp_network_adapter.go:48.2,49.16 2 1
kademlia/internal/adapters/udp_network_adapter.go:50.3,51.1 1 0
kademlia/internal/adapters/udp_network_adapter.go:53.2,55.1 2 1
kademlia/internal/adapters/udp_network_adapter.go:56.2,56.24 2 1
kademlia/internal/adapters/udp_network_adapter.go:60.2,61.16 2 0
kademlia/internal/adapters/udp_network_adapter.go:62.3,63.1 1 0
kademlia/internal/adapters/udp_network_adapter.go:65.2,65.35 1 0
kademlia/internal/adapters/udp_network_adapter.go:66.3,66.71 1 0
kademlia/internal/adapters/udp_network_adapter.go:67.4,67.12 1 0
kademlia/internal/adapters/udp_network_adapter.go:70.3,71.17 2 0
kademlia/internal/adapters/udp_network_adapter.go:72.4,72.12 1 0
kademlia/internal/adapters/udp_network_adapter.go:75.3,75.30 1 0
kademlia/internal/adapters/udp_network_adapter.go:76.4,77.1 2 0
kademlia/internal/adapters/udp_network_adapter.go:78.4,78.28 2 0
kademlia/internal/adapters/udp_network_adapter.go:80.5,80.14 1 0
kademlia/internal/adapters/udp_network_adapter.go:82.5,82.14 1 0
kademlia/internal/adapters/udp_network_adapter.go:85.4,85.36 1 0
kademlia/internal/adapters/udp_network_adapter.go:86.5,86.13 1 0
kademlia/internal/adapters/udp_network_adapter.go:89.4,89.23 1 0
kademlia/internal/adapters/udp_network_adapter.go:90.5,91.1 1 0
kademlia/internal/adapters/udp_network_adapter.go:95.2,95.61 1 0
kademlia/internal/adapters/udp_network_adapter.go:99.2,100.16 2 1
kademlia/internal/adapters/udp_network_adapter.go:101.3,102.1 1 1
kademlia/internal/adapters/udp_network_adapter.go:103.2,104.35 2 1
kademlia/internal/adapters/udp_network_adapter.go:105.3,106.1 1 1
kademlia/internal/adapters/udp_network_adapter.go:107.2,107.12 1 1
kademlia/internal/adapters/udp_network_adapter.go:111.2,113.16 3 1
kademlia/internal/adapters/udp_network_adapter.go:114.3,114.36 1 1
kademlia/internal/adapters/udp_network_adapter.go:115.4,116.1 1 1
kademlia/internal/adapters/udp_network_adapter.go:117.3,117.23 1 0
kademlia/internal/adapters/udp_network_adapter.go:119.2,121.31 3 1
kademlia/internal/adapters/udp_network_adapter.go:125.2,126.35 2 1
kademlia/internal/adapters/udp_network_adapter.go:127.3,128.1 1 1
kademlia/internal/adapters/udp_network_adapter.go:129.2,129.12 1 1
kademlia/internal/adapters/udp_network_adapter.go:133.2,134.35 2 1
kademlia/internal/adapters/udp_network_adapter.go:135.3,136.1 1 1
kademlia/internal/adapters/udp_network_adapter.go:137.2,137.12 1 1
kademlia/internal/adapters/udp_network_adapter.go:141.2,144.16 4 1
kademlia/internal/adapters/udp_network_adapter.go:145.3,145.36 1 1
kademlia/internal/adapters/udp_network_adapter.go:146.4,147.1 1 1
kademlia/internal/adapters/udp_network_adapter.go:148.3,148.18 1 0
kademlia/internal/adapters/udp_network_adapter.go:150.2,151.16 2 1
kademlia/internal/adapters/udp_network_adapter.go:152.3,152.36 1 1
kademlia/internal/adapters/udp_network_adapter.go:153.4,154.1 1 0
kademlia/internal/adapters/udp_network_adapter.go:155.3,156.50 2 1
kademlia/internal/adapters/udp_network_adapter.go:157.4,158.1 1 1
kademlia/internal/adapters/udp_network_adapter.go:159.3,159.18 1 0
kademlia/internal/adapters/udp_network_adapter.go:161.2,161.24 1 1
kademlia/internal/adapters/udp_network_adapter.go:165.2,166.35 2 1
kademlia/internal/adapters/udp_network_adapter.go:167.3,168.1 1 1
kademlia/internal/adapters/udp_network_adapter.go:169.2,169.12 1 1
kademlia/internal/adapters/udp_network_adapter.go:173.2,174.15 2 1
kademlia/internal/adapters/udp_network_adapter.go:175.3,176.1 1 1
kademlia/internal/adapters/udp_network_adapter.go:177.2,180.1 2 1
kademlia/internal/adapters/udp_network_adapter.go:181.2,181.18 2 1
kademlia/internal/adapters/udp_network_adapter.go:185.2,188.1 1 1
kademlia/cmd/kademlia/main.go:16.2,17.1 2 0
kademlia/cmd/kademlia/main.go:18.2,18.74 2 0
kademlia/cmd/kademlia/main.go:19.3,21.1 4 0
kademlia/cmd/kademlia/main.go:22.3,23.17 4 0
kademlia/cmd/kademlia/main.go:24.4,26.18 3 0
kademlia/cmd/kademlia/main.go:27.5,28.1 1 0
kademlia/cmd/kademlia/main.go:30.3,37.1 2 0
kademlia/cmd/kademlia/main.go:38.3,38.13 2 0
kademlia/cmd/kademlia/main.go:39.4,41.18 3 0
kademlia/cmd/kademlia/main.go:42.5,44.1 2 0
kademlia/cmd/kademlia/main.go:47.3,47.43 1 0
kademlia/cmd/kademlia/main.go:49.2,49.42 1 0
kademlia/cmd/kademlia/main.go:50.3,51.1 1 0
kademlia/internal/shell/commands/ping/ping.go:20.2,22.1 1 1
kademlia/internal/shell/commands/ping/ping.go:26.2,32.59 1 1
kademlia/internal/shell/commands/ping/ping.go:33.4,34.22 2 1
kademlia/internal/shell/commands/ping/ping.go:35.5,37.19 3 1
kademlia/internal/shell/commands/ping/ping.go:38.6,39.1 1 1
kademlia/internal/shell/commands/ping/ping.go:41.4,44.1 3 1
kademlia/internal/shell/commands/ping/ping.go:45.4,46.18 3 1
kademlia/internal/shell/commands/ping/ping.go:47.5,49.1 2 1
kademlia/internal/shell/commands/ping/ping.go:50.4,55.14 2 1
kademlia/internal/shell/commands/ping/ping.go:58.2,58.16 1 1
kademlia/internal/shell/commands/ping/ping.go:62.2,65.1 3 1
kademlia/internal/shell/commands/ping/ping.go:68.2,69.1 1 1
kademlia/internal/shell/commands/get/get.go:20.2,23.1 1 1
kademlia/internal/shell/commands/get/get.go:27.2,33.59 1 1
kademlia/internal/shell/commands/get/get.go:34.4,35.26 2 0
kademlia/internal/shell/commands/get/get.go:36.5,37.1 1 0
kademlia/internal/shell/commands/get/get.go:38.4,39.18 2 0
kademlia/internal/shell/commands/get/get.go:40.5,40.37 1 0
kademlia/internal/shell/commands/get/get.go:41.6,42.1 1 0
kademlia/internal/shell/commands/get/get.go:43.5,43.15 1 0
kademlia/internal/shell/commands/get/get.go:45.4,45.20 1 0
kademlia/internal/shell/commands/get/get.go:46.5,47.23 2 0
kademlia/internal/shell/commands/get/get.go:48.6,50.1 2 0
kademlia/internal/shell/commands/get/get.go:51.5,51.23 1 0
kademlia/internal/shell/commands/get/get.go:52.6,54.1 2 0
kademlia/internal/shell/commands/get/get.go:56.4,57.14 2 0
kademlia/internal/shell/commands/get/get.go:60.2,61.16 2 1
kademlia/internal/shell/commands/get/get.go:65.2,68.1 3 1
kademlia/internal/shell/commands/get/get.go:71.2,72.1 1 0
kademlia/internal/shell/shell.go:30.2,41.1 1 1
kademlia/internal/shell/shell.go:47.2,48.32 2 0
kademlia/internal/shell/shell.go:49.3,53.1 1 0
kademlia/internal/shell/shell.go:54.2,54.14 1 0
kademlia/internal/shell/shell.go:58.2,59.40 2 0
kademlia/internal/shell/shell.go:60.3,64.1 1 0
kademlia/internal/shell/shell.go:65.2,65.46 1 0
kademlia/internal/shell/shell.go:69.2,69.43 1 1
kademlia/internal/shell/shell.go:70.3,72.1 2 1
kademlia/internal/shell/shell.go:74.2,79.16 3 0
kademlia/internal/shell/shell.go:80.3,81.1 1 0
kademlia/internal/shell/shell.go:82.2,85.1 4 0
kademlia/internal/shell/shell.go:86.2,86.6 4 0
kademlia/internal/shell/shell.go:87.3,88.17 2 0
kademlia/internal/shell/shell.go:89.4,89.21 1 0
kademlia/internal/shell/shell.go:90.5,91.19 2 0
kademlia/internal/shell/shell.go:92.6,93.1 1 0
kademlia/internal/shell/shell.go:94.5,94.10 1 0
kademlia/internal/shell/shell.go:96.4,96.36 1 0
kademlia/internal/shell/shell.go:97.5,97.13 1 0
kademlia/internal/shell/shell.go:100.4,100.14 1 0
kademlia/internal/shell/shell.go:102.3,103.18 2 0
kademlia/internal/shell/shell.go:104.4,104.12 1 0
kademlia/internal/shell/shell.go:106.3,109.14 4 0
kademlia/internal/shell/shell.go:110.4,111.12 2 0
kademlia/internal/shell/shell.go:113.3,113.28 1 0
kademlia/internal/shell/shell.go:115.2,115.12 1 0
kademlia/internal/shell/commands/exit/exit.go:16.2,18.1 1 1
kademlia/internal/shell/commands/exit/exit.go:22.2,27.59 1 1
kademlia/internal/shell/commands/exit/exit.go:28.4,30.18 3 1
kademlia/internal/shell/commands/exit/exit.go:31.5,32.1 1 1
kademlia/internal/shell/commands/exit/exit.go:33.4,33.14 1 1
kademlia/internal/shell/commands/exit/exit.go:36.2,36.12 1 1
kademlia/internal/shell/commands/exit/exit.go:40.2,43.1 3 1
kademlia/internal/shell/commands/exit/exit.go:46.2,47.1 1 1
kademlia/internal/shell/commands/show/show.go:31.2,34.1 2 1
kademlia/internal/shell/commands/show/show.go:36.2,36.27 2 1
kademlia/internal/shell/commands/show/show.go:37.3,37.26 1 1
kademlia/internal/shell/commands/show/show.go:39.4,39.14 1 0
kademlia/internal/shell/commands/show/show.go:41.4,41.14 1 1
kademlia/internal/shell/commands/show/show.go:45.2,45.11 1 1
kademlia/internal/shell/commands/show/show.go:49.2,57.55 1 1
kademlia/internal/shell/commands/show/show.go:58.4,58.22 1 1
kademlia/internal/shell/commands/show/show.go:59.5,60.1 1 1
kademlia/internal/shell/commands/show/show.go:63.4,63.42 1 1
kademlia/internal/shell/commands/show/show.go:64.5,66.21 3 0
kademlia/internal/shell/commands/show/show.go:67.6,68.1 1 0
kademlia/internal/shell/commands/show/show.go:69.5,70.19 2 0
kademlia/internal/shell/commands/show/show.go:71.6,72.1 1 0
kademlia/internal/shell/commands/show/show.go:73.5,74.15 2 0
kademlia/internal/shell/commands/show/show.go:78.4,78.56 1 1
kademlia/internal/shell/commands/show/show.go:79.5,80.24 2 0
kademlia/internal/shell/commands/show/show.go:81.6,83.1 4 0
kademlia/internal/shell/commands/show/show.go:84.6,85.20 4 0
kademlia/internal/shell/commands/show/show.go:86.7,87.1 1 0
kademlia/internal/shell/commands/show/show.go:89.6,89.25 1 0
kademlia/internal/shell/commands/show/show.go:90.7,92.1 2 0
kademlia/internal/shell/commands/show/show.go:94.6,95.35 2 0
kademlia/internal/shell/commands/show/show.go:96.7,99.1 2 0
kademlia/internal/shell/commands/show/show.go:100.6,100.16 1 0
kademlia/internal/shell/commands/show/show.go:104.4,104.78 1 1
kademlia/internal/shell/commands/show/show.go:108.2,112.1 3 1
kademlia/internal/shell/commands/show/show.go:113.2,114.16 3 1
kademlia/internal/shell/commands/show/show.go:118.2,121.1 3 1
kademlia/internal/shell/commands/show/show.go:124.2,125.1 1 1
kademlia/internal/shell/commands/show/show.go:128.2,133.59 1 1
kademlia/internal/shell/commands/show/show.go:134.4,136.49 3 1
kademlia/internal/shell/commands/show/show.go:137.5,137.26 1 1
kademlia/internal/shell/commands/show/show.go:138.6,138.14 1 1
kademlia/internal/shell/commands/show/show.go:140.5,142.50 3 1
kademlia/internal/shell/commands/show/show.go:143.6,150.1 1 1
kademlia/internal/shell/commands/show/show.go:152.4,152.25 1 1
kademlia/internal/shell/commands/show/show.go:153.5,155.1 2 1
kademlia/internal/shell/commands/show/show.go:156.4,156.14 1 1
kademlia/internal/shell/commands/show/show.go:162.2,167.59 1 1
kademlia/internal/shell/commands/show/show.go:168.4,169.49 2 1
kademlia/internal/shell/commands/show/show.go:170.5,171.1 1 1
kademlia/internal/shell/commands/show/show.go:172.4,172.14 1 1
kademlia/internal/shell/commands/install/install.go:22.2,25.1 1 1
kademlia/internal/shell/commands/install/install.go:29.2,35.1 2 1
kademlia/internal/shell/commands/install/install.go:36.2,39.55 2 1
kademlia/internal/shell/commands/install/install.go:41.4,41.22 1 1
kademlia/internal/shell/commands/install/install.go:42.5,43.24 2 0
kademlia/internal/shell/commands/install/install.go:44.6,47.1 3 0
kademlia/internal/shell/commands/install/install.go:47.12,47.31 1 0
kademlia/internal/shell/commands/install/install.go:48.6,50.23 3 0
kademlia/internal/shell/commands/install/install.go:51.7,52.1 1 0
kademlia/internal/shell/commands/install/install.go:57.4,57.37 1 1
kademlia/internal/shell/commands/install/install.go:58.5,59.1 1 1
kademlia/internal/shell/commands/install/install.go:61.4,61.21 1 1
kademlia/internal/shell/commands/install/install.go:62.5,63.1 1 0
kademlia/internal/shell/commands/install/install.go:65.4,66.1 3 1
kademlia/internal/shell/commands/install/install.go:68.4,69.18 3 1
kademlia/internal/shell/commands/install/install.go:70.5,71.1 1 1
kademlia/internal/shell/commands/install/install.go:74.4,74.24 1 1
kademlia/internal/shell/commands/install/install.go:75.5,75.79 1 1
kademlia/internal/shell/commands/install/install.go:76.6,77.1 1 0
kademlia/internal/shell/commands/install/install.go:78.5,78.112 1 1
kademlia/internal/shell/commands/install/install.go:80.5,81.1 1 1
kademlia/internal/shell/commands/install/install.go:83.4,83.14 1 1
kademlia/internal/shell/commands/install/install.go:87.2,91.1 6 1
kademlia/internal/shell/commands/install/install.go:92.2,93.16 6 1
kademlia/internal/shell/commands/install/install.go:97.2,100.1 3 1
kademlia/internal/shell/commands/install/install.go:103.2,104.1 1 0
kademlia/internal/shell/commands/put/put.go:20.2,23.1 1 1
kademlia/internal/shell/commands/put/put.go:27.2,34.59 1 1
kademlia/internal/shell/commands/put/put.go:35.4,36.1 4 1
kademlia/internal/shell/commands/put/put.go:37.4,38.1 4 1
kademlia/internal/shell/commands/put/put.go:39.4,40.18 4 1
kademlia/internal/shell/commands/put/put.go:41.5,42.1 1 1
kademlia/internal/shell/commands/put/put.go:44.4,45.18 2 1
kademlia/internal/shell/commands/put/put.go:46.5,47.1 1 1
kademlia/internal/shell/commands/put/put.go:49.4,54.1 2 1
kademlia/internal/shell/commands/put/put.go:55.4,55.14 2 1
kademlia/internal/shell/commands/put/put.go:58.2,59.16 2 1
kademlia/internal/shell/commands/put/put.go:63.2,66.1 3 1
kademlia/internal/shell/commands/put/put.go:69.2,70.1 1 1
kademlia/internal/shell/commands/publish/publish.go:25.2,29.1 1 1
kademlia/internal/shell/commands/publish/publish.go:33.2,42.1 2 1
kademlia/internal/shell/commands/publish/publish.go:43.2,46.55 2 1
kademlia/internal/shell/commands/publish/publish.go:48.4,48.22 1 1
kademlia/internal/shell/commands/publish/publish.go:49.5,50.24 2 1
kademlia/internal/shell/commands/publish/publish.go:51.6,54.1 3 1
kademlia/internal/shell/commands/publish/publish.go:55.6,56.1 1 0
kademlia/internal/shell/commands/publish/publish.go:57.5,57.23 1 1
kademlia/internal/shell/commands/publish/publish.go:61.4,61.72 1 1
kademlia/internal/shell/commands/publish/publish.go:62.5,63.1 1 0
kademlia/internal/shell/commands/publish/publish.go:65.4,72.1 3 1
kademlia/internal/shell/commands/publish/publish.go:74.4,75.18 3 1
kademlia/internal/shell/commands/publish/publish.go:76.5,77.1 1 0
kademlia/internal/shell/commands/publish/publish.go:80.4,81.65 2 1
kademlia/internal/shell/commands/publish/publish.go:82.5,83.1 1 1
kademlia/internal/shell/commands/publish/publish.go:84.4,85.1 3 1
kademlia/internal/shell/commands/publish/publish.go:87.4,88.18 3 1
kademlia/internal/shell/commands/publish/publish.go:89.5,90.1 1 0
kademlia/internal/shell/commands/publish/publish.go:92.4,94.14 3 1
kademlia/internal/shell/commands/publish/publish.go:99.2,106.1 10 1
kademlia/internal/shell/commands/publish/publish.go:107.2,108.1 10 1
kademlia/internal/shell/commands/publish/publish.go:109.2,110.16 10 1
kademlia/internal/shell/commands/publish/publish.go:114.2,117.1 3 1
kademlia/internal/shell/commands/publish/publish.go:120.2,121.1 1 0
kademlia/internal/core/kademlia/RPCfindNode.go:24.2,32.20 3 1
kademlia/internal/core/kademlia/RPCfindNode.go:33.3,35.1 2 0
kademlia/internal/core/kademlia/RPCfindNode.go:37.2,48.1 3 1
kademlia/internal/core/kademlia/RPCfindNode.go:50.2,51.23 3 1
kademlia/internal/core/kademlia/RPCfindNode.go:52.3,54.1 2 0
kademlia/internal/core/kademlia/RPCfindNode.go:56.2,57.20 2 1
kademlia/internal/core/kademlia/RPCfindNode.go:58.3,60.1 2 0
kademlia/internal/core/kademlia/RPCfindNode.go:62.2,63.19 2 1
kademlia/internal/core/kademlia/RPCfindNode.go:64.3,65.1 1 0
kademlia/internal/core/kademlia/RPCfindNode.go:67.2,69.16 3 1
kademlia/internal/core/kademlia/RPCfindNode.go:70.3,71.1 1 0
kademlia/internal/core/kademlia/RPCfindNode.go:73.2,75.31 3 1
kademlia/internal/core/kademlia/RPCfindNode.go:76.3,77.17 2 1
kademlia/internal/core/kademlia/RPCfindNode.go:78.4,79.1 1 0
kademlia/internal/core/kademlia/RPCfindNode.go:80.3,86.5 1 1
kademlia/internal/core/kademlia/RPCfindNode.go:89.2,89.23 1 1
kademlia/internal/core/kademlia/RPCfindValue.go:26.2,28.20 3 1
kademlia/internal/core/kademlia/RPCfindValue.go:29.3,31.1 2 0
kademlia/internal/core/kademlia/RPCfindValue.go:33.2,46.1 3 1
kademlia/internal/core/kademlia/RPCfindValue.go:48.2,49.23 3 1
kademlia/internal/core/kademlia/RPCfindValue.go:50.3,52.1 2 0
kademlia/internal/core/kademlia/RPCfindValue.go:54.2,55.20 2 1
kademlia/internal/core/kademlia/RPCfindValue.go:56.3,58.1 2 0
kademlia/internal/core/kademlia/RPCfindValue.go:60.2,61.19 2 1
kademlia/internal/core/kademlia/RPCfindValue.go:62.3,63.1 1 0
kademlia/internal/core/kademlia/RPCfindValue.go:65.2,67.16 3 1
kademlia/internal/core/kademlia/RPCfindValue.go:68.3,69.1 1 0
kademlia/internal/core/kademlia/RPCfindValue.go:71.2,72.1 3 1
kademlia/internal/core/kademlia/RPCfindValue.go:73.2,74.21 3 1
kademlia/internal/core/kademlia/RPCfindValue.go:75.3,79.1 4 1
kademlia/internal/core/kademlia/RPCfindValue.go:81.2,84.31 4 1
kademlia/internal/core/kademlia/RPCfindValue.go:85.3,86.17 2 1
kademlia/internal/core/kademlia/RPCfindValue.go:87.4,88.1 1 0
kademlia/internal/core/kademlia/RPCfindValue.go:89.3,95.5 1 1
kademlia/internal/core/kademlia/RPCfindValue.go:97.2,100.1 4 1
kademlia/internal/core/kademlia/RPCfindValue.go:101.2,101.23 4 1
kademlia/internal/core/kademlia/RPCstore.go:19.2,21.20 3 1
kademlia/internal/core/kademlia/RPCstore.go:22.3,24.1 2 0
kademlia/internal/core/kademlia/RPCstore.go:26.2,26.30 1 1
kademlia/internal/core/kademlia/RPCstore.go:27.3,28.1 1 0
kademlia/internal/core/kademlia/RPCstore.go:30.2,45.1 3 1
kademlia/internal/core/kademlia/RPCstore.go:47.2,48.23 3 1
kademlia/internal/core/kademlia/RPCstore.go:49.3,51.1 2 0
kademlia/internal/core/kademlia/RPCstore.go:53.2,54.20 2 1
kademlia/internal/core/kademlia/RPCstore.go:55.3,57.1 2 0
kademlia/internal/core/kademlia/RPCstore.go:58.2,59.1 2 1
kademlia/internal/core/kademlia/RPCstore.go:60.2,60.12 2 1
kademlia/internal/core/kademlia/bucket.go:19.2,21.1 1 1
kademlia/internal/core/kademlia/bucket.go:28.2,31.1 4 1
kademlia/internal/core/kademlia/bucket.go:32.2,32.50 4 1
kademlia/internal/core/kademlia/bucket.go:33.3,34.1 2 1
kademlia/internal/core/kademlia/bucket.go:35.3,35.34 2 1
kademlia/internal/core/kademlia/bucket.go:36.4,37.1 1 1
kademlia/internal/core/kademlia/bucket.go:40.2,40.20 1 1
kademlia/internal/core/kademlia/bucket.go:41.3,42.29 2 1
kademlia/internal/core/kademlia/bucket.go:43.4,44.1 1 1
kademlia/internal/core/kademlia/bucket.go:45.4,47.1 2 1
kademlia/internal/core/kademlia/bucket.go:49.3,50.1 1 1
kademlia/internal/core/kademlia/bucket.go:51.2,51.12 1 1
kademlia/internal/core/kademlia/bucket.go:56.2,59.1 4 0
kademlia/internal/core/kademlia/bucket.go:60.2,60.50 4 0
kademlia/internal/core/kademlia/bucket.go:61.3,62.1 2 0
kademlia/internal/core/kademlia/bucket.go:63.3,63.34 2 0
kademlia/internal/core/kademlia/bucket.go:64.4,65.1 1 0
kademlia/internal/core/kademlia/bucket.go:68.2,68.20 1 0
kademlia/internal/core/kademlia/bucket.go:69.3,70.1 1 0
kademlia/internal/core/kademlia/bucket.go:78.2,80.58 3 1
kademlia/internal/core/kademlia/bucket.go:81.3,84.1 3 1
kademlia/internal/core/kademlia/bucket.go:85.2,86.17 2 1
kademlia/internal/core/kademlia/bucket.go:91.2,94.1 3 1
kademlia/internal/core/kademlia/bucket.go:97.2,101.50 5 0
kademlia/internal/core/kademlia/bucket.go:102.3,104.1 2 0
kademlia/internal/core/kademlia/bucket.go:105.2,105.17 1 0
kademlia/internal/core/kademlia/contact.go:19.2,20.1 1 1
kademlia/internal/core/kademlia/contact.go:23.2,24.1 1 1
kademlia/internal/core/kademlia/contact.go:29.2,30.1 1 1
kademlia/internal/core/kademlia/contact.go:34.2,35.1 1 1
kademlia/internal/core/kademlia/contact.go:39.2,40.1 1 0
kademlia/internal/core/kademlia/contact.go:50.2,51.1 1 1
kademlia/internal/core/kademlia/contact.go:55.2,56.1 1 1
kademlia/internal/core/kademlia/contact.go:59.2,60.1 1 1
kademlia/internal/core/kademlia/contact.go:64.2,65.1 1 1
kademlia/internal/core/kademlia/contact.go:69.2,70.1 1 1
kademlia/internal/core/kademlia/contact.go:75.2,76.1 1 1
kademlia/internal/core/kademlia/contact.go:81.2,82.1 1 1
kademlia/internal/core/kademlia/contact.go:85.2,86.1 1 0
kademlia/internal/core/kademlia/dns.go:22.2,24.1 1 1
kademlia/internal/core/kademlia/dns.go:29.2,30.1 1 1
kademlia/internal/core/kademlia/dns.go:34.2,35.13 2 1
kademlia/internal/core/kademlia/dns.go:36.3,37.1 1 0
kademlia/internal/core/kademlia/dns.go:38.2,38.20 1 1
kademlia/internal/core/kademlia/kademlia.go:55.2,61.1 2 1
kademlia/internal/core/kademlia/kademlia.go:66.2,75.1 6 1
kademlia/internal/core/kademlia/kademlia.go:78.2,79.16 2 1
kademlia/internal/core/kademlia/kademlia.go:80.3,81.1 1 0
kademlia/internal/core/kademlia/kademlia.go:82.2,87.1 6 1
kademlia/internal/core/kademlia/kademlia.go:88.2,88.25 6 1
kademlia/internal/core/kademlia/kademlia.go:89.3,91.17 3 1
kademlia/internal/core/kademlia/kademlia.go:92.4,93.1 1 0
kademlia/internal/core/kademlia/kademlia.go:96.2,96.6 1 1
kademlia/internal/core/kademlia/kademlia.go:97.3,98.17 2 1
kademlia/internal/core/kademlia/kademlia.go:99.4,99.56 1 1
kademlia/internal/core/kademlia/kademlia.go:100.5,100.10 1 1
kademlia/internal/core/kademlia/kademlia.go:102.4,103.12 2 0
kademlia/internal/core/kademlia/kademlia.go:105.3,105.49 1 1
kademlia/internal/core/kademlia/kademlia.go:107.2,107.12 1 1
kademlia/internal/core/kademlia/kademlia.go:111.2,113.25 3 1
kademlia/internal/core/kademlia/kademlia.go:114.3,115.1 1 0
kademlia/internal/core/kademlia/kademlia.go:116.2,117.16 2 1
kademlia/internal/core/kademlia/kademlia.go:118.3,119.1 1 0
kademlia/internal/core/kademlia/kademlia.go:120.2,121.12 2 1
kademlia/internal/core/kademlia/kademlia.go:128.2,129.1 1 1
kademlia/internal/core/kademlia/kademlia.go:136.2,137.59 2 1
kademlia/internal/core/kademlia/kademlia.go:138.3,140.1 2 0
kademlia/internal/core/kademlia/kademlia.go:142.2,150.43 3 1
kademlia/internal/core/kademlia/kademlia.go:152.3,152.50 1 0
kademlia/internal/core/kademlia/kademlia.go:154.3,154.71 1 1
kademlia/internal/core/kademlia/kademlia.go:156.3,156.60 1 1
kademlia/internal/core/kademlia/kademlia.go:158.3,158.40 1 1
kademlia/internal/core/kademlia/kademlia.go:168.2,176.1 6 1
kademlia/internal/core/kademlia/kademlia.go:177.2,179.1 6 1
kademlia/internal/core/kademlia/kademlia.go:180.2,181.45 6 1
kademlia/internal/core/kademlia/kademlia.go:182.3,182.51 1 1
kademlia/internal/core/kademlia/kademlia.go:183.4,184.1 1 1
kademlia/internal/core/kademlia/kademlia.go:187.2,187.34 1 1
kademlia/internal/core/kademlia/kademlia.go:188.3,189.1 1 0
kademlia/internal/core/kademlia/kademlia.go:191.2,192.1 2 1
kademlia/internal/core/kademlia/kademlia.go:193.2,193.42 2 1
kademlia/internal/core/kademlia/kademlia.go:194.3,199.1 3 1
kademlia/internal/core/kademlia/kademlia.go:200.3,201.1 3 1
kademlia/internal/core/kademlia/kademlia.go:203.2,212.1 3 1
kademlia/internal/core/kademlia/kademlia.go:214.2,215.16 3 1
kademlia/internal/core/kademlia/kademlia.go:216.3,218.1 2 0
kademlia/internal/core/kademlia/kademlia.go:220.2,220.60 1 1
kademlia/internal/core/kademlia/kademlia.go:221.3,223.1 2 0
kademlia/internal/core/kademlia/kademlia.go:224.2,224.12 1 1
kademlia/internal/core/kademlia/kademlia.go:232.2,244.56 3 1
kademlia/internal/core/kademlia/kademlia.go:245.3,257.1 3 1
kademlia/internal/core/kademlia/kademlia.go:259.3,260.17 3 1
kademlia/internal/core/kademlia/kademlia.go:261.4,263.1 2 0
kademlia/internal/core/kademlia/kademlia.go:265.3,265.61 1 1
kademlia/internal/core/kademlia/kademlia.go:266.4,268.1 2 0
kademlia/internal/core/kademlia/kademlia.go:269.3,269.13 1 1
kademlia/internal/core/kademlia/kademlia.go:272.2,275.1 6 1
kademlia/internal/core/kademlia/kademlia.go:276.2,278.45 6 1
kademlia/internal/core/kademlia/kademlia.go:279.3,280.52 2 1
kademlia/internal/core/kademlia/kademlia.go:281.4,282.1 1 1
kademlia/internal/core/kademlia/kademlia.go:285.2,285.34 1 1
kademlia/internal/core/kademlia/kademlia.go:286.3,287.1 1 0
kademlia/internal/core/kademlia/kademlia.go:289.2,290.1 2 1
kademlia/internal/core/kademlia/kademlia.go:291.2,291.42 2 1
kademlia/internal/core/kademlia/kademlia.go:292.3,296.1 2 1
kademlia/internal/core/kademlia/kademlia.go:297.3,298.1 2 1
kademlia/internal/core/kademlia/kademlia.go:300.2,301.1 4 1
kademlia/internal/core/kademlia/kademlia.go:302.2,311.1 4 1
kademlia/internal/core/kademlia/kademlia.go:313.2,314.16 4 1
kademlia/internal/core/kademlia/kademlia.go:315.3,317.1 2 0
kademlia/internal/core/kademlia/kademlia.go:319.2,319.60 1 1
kademlia/internal/core/kademlia/kademlia.go:320.3,322.1 2 0
kademlia/internal/core/kademlia/kademlia.go:324.2,324.12 1 1
kademlia/internal/core/kademlia/kademlia.go:331.2,345.1 5 1
kademlia/internal/core/kademlia/kademlia.go:346.2,346.31 5 1
kademlia/internal/core/kademlia/kademlia.go:347.3,348.1 1 0
kademlia/internal/core/kademlia/kademlia.go:350.2,352.1 3 1
kademlia/internal/core/kademlia/kademlia.go:353.2,353.12 3 1
kademlia/internal/core/kademlia/kademlia.go:361.2,370.1 4 0
kademlia/internal/core/kademlia/kademlia.go:371.2,372.16 4 0
kademlia/internal/core/kademlia/kademlia.go:373.3,375.1 2 0
kademlia/internal/core/kademlia/kademlia.go:377.2,377.60 1 0
kademlia/internal/core/kademlia/kademlia.go:378.3,380.1 2 0
kademlia/internal/core/kademlia/kademlia.go:381.2,381.12 1 0
kademlia/internal/core/kademlia/kademlia.go:393.2,395.16 3 1
kademlia/internal/core/kademlia/kademlia.go:396.3,396.43 1 0
kademlia/internal/core/kademlia/kademlia.go:397.4,398.1 1 0
kademlia/internal/core/kademlia/kademlia.go:399.4,400.1 1 0
kademlia/internal/core/kademlia/kademlia.go:402.3,404.1 2 1
kademlia/internal/core/kademlia/kademlia.go:405.2,405.12 1 1
kademlia/internal/core/kademlia/kademlia.go:417.2,419.16 3 1
kademlia/internal/core/kademlia/kademlia.go:420.3,421.43 2 0
kademlia/internal/core/kademlia/kademlia.go:422.4,423.1 1 0
kademlia/internal/core/kademlia/kademlia.go:424.4,425.1 1 0
kademlia/internal/core/kademlia/kademlia.go:427.3,429.1 2 1
kademlia/internal/core/kademlia/kademlia.go:430.2,430.12 1 1
kademlia/internal/core/kademlia/kademlia.go:438.2,440.27 3 1
kademlia/internal/core/kademlia/kademlia.go:441.3,442.1 1 0
kademlia/internal/core/kademlia/kademlia.go:444.2,448.1 5 1
kademlia/internal/core/kademlia/kademlia.go:449.2,449.39 5 1
kademlia/internal/core/kademlia/kademlia.go:450.3,453.1 5 1
kademlia/internal/core/kademlia/kademlia.go:454.3,455.57 5 1
kademlia/internal/core/kademlia/kademlia.go:456.4,458.51 3 1
kademlia/internal/core/kademlia/kademlia.go:459.5,470.1 3 1
kademlia/internal/core/kademlia/kademlia.go:473.3,474.1 3 1
kademlia/internal/core/kademlia/kademlia.go:475.3,476.25 3 1
kademlia/internal/core/kademlia/kademlia.go:477.4,480.1 3 0
kademlia/internal/core/kademlia/kademlia.go:482.3,483.31 2 1
kademlia/internal/core/kademlia/kademlia.go:484.4,484.25 1 0
kademlia/internal/core/kademlia/kademlia.go:485.5,485.45 1 0
kademlia/internal/core/kademlia/kademlia.go:486.6,489.14 4 0
kademlia/internal/core/kademlia/kademlia.go:491.5,491.8 1 0
kademlia/internal/core/kademlia/kademlia.go:497.3,497.43 1 1
kademlia/internal/core/kademlia/kademlia.go:498.4,499.1 1 1
kademlia/internal/core/kademlia/kademlia.go:501.3,503.1 3 1
kademlia/internal/core/kademlia/kademlia.go:504.3,504.22 3 1
kademlia/internal/core/kademlia/kademlia.go:505.4,507.45 3 1
kademlia/internal/core/kademlia/kademlia.go:508.5,511.58 4 1
kademlia/internal/core/kademlia/kademlia.go:512.6,515.1 3 1
kademlia/internal/core/kademlia/kademlia.go:519.3,520.1 2 1
kademlia/internal/core/kademlia/kademlia.go:521.3,521.43 2 1
kademlia/internal/core/kademlia/kademlia.go:522.4,523.1 1 1
kademlia/internal/core/kademlia/kademlia.go:525.3,527.1 3 1
kademlia/internal/core/kademlia/kademlia.go:528.3,528.37 3 1
kademlia/internal/core/kademlia/kademlia.go:529.4,529.60 1 1
kademlia/internal/core/kademlia/kademlia.go:530.5,531.1 1 1
kademlia/internal/core/kademlia/kademlia.go:534.3,536.28 3 1
kademlia/internal/core/kademlia/kademlia.go:537.4,538.1 1 0
kademlia/internal/core/kademlia/kademlia.go:539.3,541.43 3 1
kademlia/internal/core/kademlia/kademlia.go:542.4,543.1 1 1
kademlia/internal/core/kademlia/kademlia.go:544.3,545.1 2 1
kademlia/internal/core/kademlia/kademlia.go:546.3,546.36 2 1
kademlia/internal/core/kademlia/kademlia.go:547.4,548.1 1 1
kademlia/internal/core/kademlia/kademlia.go:550.3,551.27 2 1
kademlia/internal/core/kademlia/kademlia.go:552.4,553.1 1 0
kademlia/internal/core/kademlia/kademlia.go:555.3,556.43 2 1
kademlia/internal/core/kademlia/kademlia.go:557.4,557.65 1 1
kademlia/internal/core/kademlia/kademlia.go:558.5,559.1 1 1
kademlia/internal/core/kademlia/kademlia.go:562.2,564.1 3 1
kademlia/internal/core/kademlia/kademlia.go:565.2,565.25 3 1
kademlia/internal/core/kademlia/kademlia.go:572.2,573.31 2 1
kademlia/internal/core/kademlia/kademlia.go:574.3,575.1 1 0
kademlia/internal/core/kademlia/kademlia.go:577.2,583.1 10 1
kademlia/internal/core/kademlia/kademlia.go:584.2,585.1 10 1
kademlia/internal/core/kademlia/kademlia.go:586.2,588.35 10 1
kademlia/internal/core/kademlia/kademlia.go:589.3,590.1 1 0
kademlia/internal/core/kademlia/kademlia.go:591.2,593.1 4 1
kademlia/internal/core/kademlia/kademlia.go:594.2,595.56 4 1
kademlia/internal/core/kademlia/kademlia.go:596.3,600.1 5 1
kademlia/internal/core/kademlia/kademlia.go:601.3,601.57 5 1
kademlia/internal/core/kademlia/kademlia.go:602.4,604.51 3 1
kademlia/internal/core/kademlia/kademlia.go:605.5,612.1 7 1
kademlia/internal/core/kademlia/kademlia.go:615.3,617.25 3 1
kademlia/internal/core/kademlia/kademlia.go:618.4,621.1 3 0
kademlia/internal/core/kademlia/kademlia.go:623.3,623.31 1 1
kademlia/internal/core/kademlia/kademlia.go:624.4,624.46 1 0
kademlia/internal/core/kademlia/kademlia.go:625.5,625.45 1 0
kademlia/internal/core/kademlia/kademlia.go:626.6,627.14 2 0
kademlia/internal/core/kademlia/kademlia.go:629.5,629.8 1 0
kademlia/internal/core/kademlia/kademlia.go:635.3,635.43 1 1
kademlia/internal/core/kademlia/kademlia.go:636.4,637.1 1 1
kademlia/internal/core/kademlia/kademlia.go:639.3,641.1 3 1
kademlia/internal/core/kademlia/kademlia.go:642.3,642.22 3 1
kademlia/internal/core/kademlia/kademlia.go:643.4,644.64 2 1
kademlia/internal/core/kademlia/kademlia.go:645.5,648.1 3 1
kademlia/internal/core/kademlia/kademlia.go:649.5,650.32 2 1
kademlia/internal/core/kademlia/kademlia.go:651.6,654.59 4 1
kademlia/internal/core/kademlia/kademlia.go:655.7,658.1 3 1
kademlia/internal/core/kademlia/kademlia.go:663.3,664.1 2 1
kademlia/internal/core/kademlia/kademlia.go:665.3,665.43 2 1
kademlia/internal/core/kademlia/kademlia.go:666.4,667.1 1 1
kademlia/internal/core/kademlia/kademlia.go:669.3,671.1 3 1
kademlia/internal/core/kademlia/kademlia.go:672.3,672.37 3 1
kademlia/internal/core/kademlia/kademlia.go:673.4,673.60 1 1
kademlia/internal/core/kademlia/kademlia.go:674.5,675.1 1 1
kademlia/internal/core/kademlia/kademlia.go:678.3,682.43 5 1
kademlia/internal/core/kademlia/kademlia.go:683.4,684.1 1 1
kademlia/internal/core/kademlia/kademlia.go:685.3,685.28 1 1
kademlia/internal/core/kademlia/kademlia.go:686.4,687.1 1 0
kademlia/internal/core/kademlia/kademlia.go:688.3,689.1 2 1
kademlia/internal/core/kademlia/kademlia.go:690.3,690.36 2 1
kademlia/internal/core/kademlia/kademlia.go:691.4,692.1 1 1
kademlia/internal/core/kademlia/kademlia.go:694.3,695.27 2 1
kademlia/internal/core/kademlia/kademlia.go:696.4,697.1 1 0
kademlia/internal/core/kademlia/kademlia.go:698.3,699.1 3 1
kademlia/internal/core/kademlia/kademlia.go:700.3,701.43 3 1
kademlia/internal/core/kademlia/kademlia.go:702.4,702.65 1 1
kademlia/internal/core/kademlia/kademlia.go:703.5,704.1 1 1
kademlia/internal/core/kademlia/kademlia.go:707.2,710.19 4 1
kademlia/internal/core/kademlia/kademlia.go:711.3,711.43 1 1
kademlia/internal/core/kademlia/kademlia.go:712.4,712.74 1 1
kademlia/internal/core/kademlia/kademlia.go:713.5,714.1 1 1
kademlia/internal/core/kademlia/kademlia.go:715.5,716.10 2 1
kademlia/internal/core/kademlia/kademlia.go:719.3,719.46 1 1
kademlia/internal/core/kademlia/kademlia.go:722.2,722.35 1 0
kademlia/internal/core/kademlia/kademlia.go:726.2,727.23 2 1
kademlia/internal/core/kademlia/kademlia.go:728.3,729.1 1 0
kademlia/internal/core/kademlia/kademlia.go:730.2,730.16 1 1
kademlia/internal/core/kademlia/kademlia.go:731.3,732.1 1 0
kademlia/internal/core/kademlia/kademlia.go:734.2,739.26 6 1
kademlia/internal/core/kademlia/kademlia.go:740.3,741.1 1 0
kademlia/internal/core/kademlia/kademlia.go:742.2,743.1 2 1
kademlia/internal/core/kademlia/kademlia.go:744.2,744.42 2 1
kademlia/internal/core/kademlia/kademlia.go:745.3,746.17 2 1
kademlia/internal/core/kademlia/kademlia.go:747.4,748.1 1 0
kademlia/internal/core/kademlia/kademlia.go:751.2,751.12 1 1
kademlia/internal/core/kademlia/kademlia.go:755.2,756.16 2 0
kademlia/internal/core/kademlia/kademlia.go:757.3,758.1 1 0
kademlia/internal/core/kademlia/kademlia.go:759.2,760.1 5 0
kademlia/internal/core/kademlia/kademlia.go:761.2,762.1 5 0
kademlia/internal/core/kademlia/kademlia.go:763.2,774.1 5 0
kademlia/internal/core/kademlia/kademlia.go:775.2,776.16 5 0
kademlia/internal/core/kademlia/kademlia.go:777.3,778.1 1 0
kademlia/internal/core/kademlia/kademlia.go:780.2,781.48 2 0
kademlia/internal/core/kademlia/kademlia.go:782.3,783.1 1 0
kademlia/internal/core/kademlia/kademlia.go:785.2,786.16 2 0
kademlia/internal/core/kademlia/kademlia.go:787.3,788.1 1 0
kademlia/internal/core/kademlia/kademlia.go:789.2,790.1 3 0
kademlia/internal/core/kademlia/kademlia.go:791.2,792.62 3 0
kademlia/internal/core/kademlia/kademlia.go:793.3,794.1 1 0
kademlia/internal/core/kademlia/kademlia.go:796.2,796.44 1 0
kademlia/internal/core/kademlia/kademlia.go:797.3,798.1 1 0
kademlia/internal/core/kademlia/kademlia.go:800.2,800.25 1 0
kademlia/internal/core/kademlia/kademlia.go:804.2,806.16 3 0
kademlia/internal/core/kademlia/kademlia.go:807.3,808.1 1 0
kademlia/internal/core/kademlia/kademlia.go:809.2,809.16 1 0
kademlia/internal/core/kademlia/kademlia.go:813.2,814.1 1 0
kademlia/internal/core/kademlia/kademlia.go:817.2,818.1 1 0
kademlia/internal/core/kademlia/kademlia.go:821.2,822.16 2 0
kademlia/internal/core/kademlia/kademlia.go:823.3,824.1 1 0
kademlia/internal/core/kademlia/kademlia.go:825.2,826.16 2 0
kademlia/internal/core/kademlia/kademlia.go:827.3,828.1 1 0
kademlia/internal/core/kademlia/kademlia.go:830.2,830.18 1 0
kademlia/internal/core/kademlia/kademlia.go:831.3,833.1 2 0
kademlia/internal/core/kademlia/kademlia.go:834.2,834.22 1 0
kademlia/internal/core/kademlia/mock_kademlia.go:28.2,36.1 1 1
kademlia/internal/core/kademlia/mock_kademlia.go:40.2,41.1 1 0
kademlia/internal/core/kademlia/mock_kademlia.go:44.2,45.1 1 0
kademlia/internal/core/kademlia/mock_kademlia.go:48.2,49.1 1 0
kademlia/internal/core/kademlia/mock_kademlia.go:52.2,53.1 1 0
kademlia/internal/core/kademlia/mock_kademlia.go:56.2,57.1 1 0
kademlia/internal/core/kademlia/mock_kademlia.go:60.2,61.1 1 0
kademlia/internal/core/kademlia/mock_kademlia.go:64.2,65.1 1 0
kademlia/internal/core/kademlia/mock_kademlia.go:77.2,83.1 1 0
kademlia/internal/core/kademlia/mock_kademlia.go:86.2,87.1 1 0
kademlia/internal/core/kademlia/mock_kademlia.go:90.2,91.1 1 0
kademlia/internal/core/kademlia/package_service.go:17.2,19.18 3 1
kademlia/internal/core/kademlia/package_service.go:20.3,21.1 1 1
kademlia/internal/core/kademlia/package_service.go:23.2,23.24 1 1
kademlia/internal/core/kademlia/package_service.go:24.3,24.51 1 1
kademlia/internal/core/kademlia/package_service.go:25.4,26.1 1 0
kademlia/internal/core/kademlia/package_service.go:28.2,28.27 1 1
kademlia/internal/core/kademlia/package_service.go:29.3,29.40 1 0
kademlia/internal/core/kademlia/package_service.go:30.4,31.1 1 0
kademlia/internal/core/kademlia/package_service.go:33.2,33.16 1 1
kademlia/internal/core/kademlia/package_service.go:50.2,51.16 2 1
kademlia/internal/core/kademlia/package_service.go:52.3,53.1 1 0
kademlia/internal/core/kademlia/package_service.go:56.2,57.16 2 1
kademlia/internal/core/kademlia/package_service.go:58.3,59.1 1 0
kademlia/internal/core/kademlia/package_service.go:60.2,61.1 4 1
kademlia/internal/core/kademlia/package_service.go:63.2,65.1 4 1
kademlia/internal/core/kademlia/package_service.go:66.2,66.24 4 1
kademlia/internal/core/kademlia/package_service.go:68.3,69.36 2 0
kademlia/internal/core/kademlia/package_service.go:70.4,73.1 3 0
kademlia/internal/core/kademlia/package_service.go:73.10,73.20 1 0
kademlia/internal/core/kademlia/package_service.go:74.4,75.1 1 0
kademlia/internal/core/kademlia/package_service.go:78.3,79.37 2 1
kademlia/internal/core/kademlia/package_service.go:80.4,81.77 2 1
kademlia/internal/core/kademlia/package_service.go:82.5,83.1 1 1
kademlia/internal/core/kademlia/package_service.go:88.2,95.1 3 1
kademlia/internal/core/kademlia/package_service.go:96.2,97.1 3 1
kademlia/internal/core/kademlia/package_service.go:99.2,99.12 3 1
kademlia/internal/core/kademlia/package_service.go:100.3,100.76 1 1
kademlia/internal/core/kademlia/package_service.go:101.4,102.1 1 1
kademlia/internal/core/kademlia/package_service.go:106.2,107.16 2 1
kademlia/internal/core/kademlia/package_service.go:108.3,109.1 1 0
kademlia/internal/core/kademlia/package_service.go:111.2,112.16 2 1
kademlia/internal/core/kademlia/package_service.go:113.3,114.1 1 0
kademlia/internal/core/kademlia/package_service.go:115.2,116.1 5 1
kademlia/internal/core/kademlia/package_service.go:118.2,124.1 5 1
kademlia/internal/core/kademlia/package_service.go:125.2,126.1 5 1
kademlia/internal/core/kademlia/package_service.go:127.2,128.16 5 1
kademlia/internal/core/kademlia/package_service.go:129.3,130.1 1 0
kademlia/internal/core/kademlia/package_service.go:132.2,132.60 1 1
kademlia/internal/core/kademlia/package_service.go:133.3,134.1 1 0
kademlia/internal/core/kademlia/package_service.go:136.2,136.23 1 1
kademlia/internal/core/kademlia/package_service.go:141.2,142.36 2 1
kademlia/internal/core/kademlia/package_service.go:143.3,144.1 1 0
kademlia/internal/core/kademlia/package_service.go:146.2,147.1 2 1
kademlia/internal/core/kademlia/package_service.go:149.2,149.24 2 1
kademlia/internal/core/kademlia/package_service.go:150.3,151.31 2 1
kademlia/internal/core/kademlia/package_service.go:152.4,153.1 1 0
kademlia/internal/core/kademlia/package_service.go:155.3,155.69 1 1
kademlia/internal/core/kademlia/package_service.go:156.4,157.32 2 1
kademlia/internal/core/kademlia/package_service.go:158.5,159.1 1 0
kademlia/internal/core/kademlia/package_service.go:160.4,160.33 1 1
kademlia/internal/core/kademlia/package_service.go:163.3,163.42 1 1
kademlia/internal/core/kademlia/package_service.go:166.2,166.115 1 0
kademlia/internal/core/kademlia/package_service.go:171.2,171.24 1 1
kademlia/internal/core/kademlia/package_service.go:172.3,173.1 1 0
kademlia/internal/core/kademlia/package_service.go:174.2,175.41 2 1
kademlia/internal/core/kademlia/package_service.go:176.3,177.17 2 1
kademlia/internal/core/kademlia/package_service.go:178.4,178.12 1 0
kademlia/internal/core/kademlia/package_service.go:180.3,181.90 2 1
kademlia/internal/core/kademlia/package_service.go:182.4,182.66 1 1
kademlia/internal/core/kademlia/package_service.go:183.5,183.74 1 1
kademlia/internal/core/kademlia/package_service.go:184.6,185.1 1 1
kademlia/internal/core/kademlia/package_service.go:189.2,189.19 1 1
kademlia/internal/core/kademlia/package_service.go:190.3,191.1 1 1
kademlia/internal/core/kademlia/package_service.go:192.2,192.20 1 1
kademlia/internal/core/kademlia/package_service.go:196.2,196.24 1 1
kademlia/internal/core/kademlia/package_service.go:197.3,198.1 1 0
kademlia/internal/core/kademlia/package_service.go:199.2,199.41 1 1
kademlia/internal/core/kademlia/package_service.go:200.3,201.17 2 1
kademlia/internal/core/kademlia/package_service.go:202.4,202.12 1 0
kademlia/internal/core/kademlia/package_service.go:204.3,205.90 2 1
kademlia/internal/core/kademlia/package_service.go:206.4,207.58 2 1
kademlia/internal/core/kademlia/package_service.go:208.5,209.1 1 1
kademlia/internal/core/kademlia/package_service.go:212.2,212.32 1 0
kademlia/internal/core/kademlia/package_service.go:216.2,216.24 1 1
kademlia/internal/core/kademlia/package_service.go:217.3,218.1 1 0
kademlia/internal/core/kademlia/package_service.go:219.2,219.41 1 1
kademlia/internal/core/kademlia/package_service.go:220.3,220.30 1 1
kademlia/internal/core/kademlia/package_service.go:221.4,222.18 2 1
kademlia/internal/core/kademlia/package_service.go:223.5,224.1 1 1
kademlia/internal/core/kademlia/package_service.go:227.2,227.31 1 0
kademlia/internal/core/kademlia/package_service.go:232.2,233.36 2 1
kademlia/internal/core/kademlia/package_service.go:234.3,235.1 1 0
kademlia/internal/core/kademlia/package_service.go:237.2,240.1 4 1
kademlia/internal/core/kademlia/package_service.go:241.2,241.49 4 1
kademlia/internal/core/kademlia/package_service.go:242.3,244.31 3 1
kademlia/internal/core/kademlia/package_service.go:245.4,245.9 1 0
kademlia/internal/core/kademlia/package_service.go:247.3,248.42 2 1
kademlia/internal/core/kademlia/package_service.go:251.2,251.19 1 1
kademlia/internal/core/kademlia/package_service.go:256.2,256.24 1 0
kademlia/internal/core/kademlia/package_service.go:257.3,258.1 1 0
kademlia/internal/core/kademlia/package_service.go:259.2,259.41 1 0
kademlia/internal/core/kademlia/package_service.go:260.3,261.17 2 0
kademlia/internal/core/kademlia/package_service.go:262.4,262.12 1 0
kademlia/internal/core/kademlia/package_service.go:264.3,265.90 2 0
kademlia/internal/core/kademlia/package_service.go:266.4,266.92 1 0
kademlia/internal/core/kademlia/package_service.go:267.5,268.1 1 0
kademlia/internal/core/kademlia/package_service.go:271.2,271.32 1 0
kademlia/internal/core/kademlia/records.go:41.2,45.1 3 1
kademlia/internal/core/kademlia/records.go:49.2,52.1 3 1
kademlia/internal/core/kademlia/records.go:56.2,57.16 2 1
kademlia/internal/core/kademlia/records.go:58.3,59.1 1 0
kademlia/internal/core/kademlia/records.go:60.2,61.57 2 1
kademlia/internal/core/kademlia/records.go:66.2,67.16 2 1
kademlia/internal/core/kademlia/records.go:68.3,69.1 1 0
kademlia/internal/core/kademlia/records.go:70.2,71.41 2 1
kademlia/internal/core/kademlia/records.go:76.2,80.1 3 1
kademlia/internal/core/kademlia/records.go:84.2,87.1 3 1
kademlia/internal/core/kademlia/records.go:91.2,92.16 2 0
kademlia/internal/core/kademlia/records.go:93.3,94.1 1 0
kademlia/internal/core/kademlia/records.go:95.2,96.57 2 0
kademlia/internal/core/kademlia/records.go:101.2,104.1 3 0
kademlia/internal/core/kademlia/routingtable.go:20.2,22.1 2 1
kademlia/internal/core/kademlia/routingtable.go:23.2,23.31 2 1
kademlia/internal/core/kademlia/routingtable.go:24.3,25.1 1 1
kademlia/internal/core/kademlia/routingtable.go:26.2,26.21 1 1
kademlia/internal/core/kademlia/routingtable.go:31.2,34.1 3 1
kademlia/internal/core/kademlia/routingtable.go:38.2,41.1 3 0
kademlia/internal/core/kademlia/routingtable.go:48.2,51.1 5 1
kademlia/internal/core/kademlia/routingtable.go:52.2,53.1 5 1
kademlia/internal/core/kademlia/routingtable.go:54.2,54.115 5 1
kademlia/internal/core/kademlia/routingtable.go:55.3,55.25 1 1
kademlia/internal/core/kademlia/routingtable.go:56.4,58.1 2 1
kademlia/internal/core/kademlia/routingtable.go:59.3,59.36 1 1
kademlia/internal/core/kademlia/routingtable.go:60.4,62.1 2 1
kademlia/internal/core/kademlia/routingtable.go:65.2,66.1 2 1
kademlia/internal/core/kademlia/routingtable.go:67.2,67.30 2 1
kademlia/internal/core/kademlia/routingtable.go:68.3,69.1 1 1
kademlia/internal/core/kademlia/routingtable.go:71.2,71.38 1 1
kademlia/internal/core/kademlia/routingtable.go:76.2,78.43 3 1
kademlia/internal/core/kademlia/routingtable.go:79.3,79.20 1 1
kademlia/internal/core/kademlia/routingtable.go:80.4,80.42 1 1
kademlia/internal/core/kademlia/routingtable.go:81.5,82.1 1 1
kademlia/internal/core/kademlia/routingtable.go:85.2,85.26 1 1
kademlia/internal/core/kademlia/routingtable.go:89.2,90.1 1 0
kademlia/internal/core/kademlia/validation.go:20.2,20.40 1 1
kademlia/internal/core/kademlia/validation.go:21.3,22.1 1 0
kademlia/internal/core/kademlia/validation.go:25.2,25.24 1 1
kademlia/internal/core/kademlia/validation.go:26.3,27.1 1 1
kademlia/internal/core/kademlia/validation.go:30.2,31.16 2 1
kademlia/internal/core/kademlia/validation.go:32.3,33.1 1 0
kademlia/internal/core/kademlia/validation.go:35.2,35.56 1 1
kademlia/internal/core/kademlia/validation.go:36.3,37.1 1 1
kademlia/internal/core/kademlia/validation.go:40.2,40.66 1 1
kademlia/internal/core/kademlia/validation.go:41.3,42.1 1 1
kademlia/internal/core/kademlia/validation.go:44.2,44.12 1 1
kademlia/internal/core/kademlia/validation.go:54.2,54.32 1 1
kademlia/internal/core/kademlia/validation.go:55.3,58.44 4 1
kademlia/internal/core/kademlia/validation.go:59.4,61.1 2 1
kademlia/internal/core/kademlia/validation.go:62.3,62.13 1 1
kademlia/internal/core/kademlia/validation.go:65.2,67.1 3 1
kademlia/internal/core/kademlia/validation.go:68.2,68.25 3 1
kademlia/internal/core/kademlia/validation.go:69.3,69.20 1 1
kademlia/internal/core/kademlia/validation.go:70.4,71.1 1 1
kademlia/internal/core/kademlia/validation.go:72.3,72.20 1 1
kademlia/internal/core/kademlia/validation.go:73.4,74.1 1 1
kademlia/internal/core/kademlia/validation.go:76.2,76.10 1 0
kademlia/internal/logging/logger.go:12.2,15.16 4 0
kademlia/internal/logging/logger.go:16.3,16.13 1 0
kademlia/internal/logging/logger.go:19.2,19.61 1 0
kademlia/internal/logging/logger.go:20.3,20.51 1 0
kademlia/internal/logging/logger.go:21.4,22.1 1 0
kademlia/internal/logging/logger.go:23.3,23.53 1 0
kademlia/internal/logging/logger.go:24.4,26.18 3 0
kademlia/internal/logging/logger.go:27.5,28.1 1 0
kademlia/internal/logging/logger.go:30.3,30.14 1 0
kademlia/internal/logging/logger.go:33.2,38.25 2 0
kademlia/internal/shell/commands/utils.go:9.2,11.41 3 0
kademlia/internal/shell/commands/utils.go:12.3,12.31 1 0
kademlia/internal/shell/commands/utils.go:13.4,20.1 1 0
kademlia/internal/shell/commands/utils.go:22.2,22.50 1 0
kademlia/internal/shell/commands/utils.go:23.3,24.27 2 0
kademlia/internal/shell/commands/utils.go:25.4,26.1 1 0
kademlia/internal/shell/commands/utils.go:28.2,28.14 1 0
kademlia/proto/generated/contact.pb.go:34.2,38.1 4 0
kademlia/proto/generated/contact.pb.go:41.2,42.1 1 0
kademlia/proto/generated/contact.pb.go:44.33,44.33 0 0
kademlia/proto/generated/contact.pb.go:47.2,48.14 2 0
kademlia/proto/generated/contact.pb.go:49.3,50.34 2 0
kademlia/proto/generated/contact.pb.go:51.4,52.1 1 0
kademlia/proto/generated/contact.pb.go:53.3,53.12 1 0
kademlia/proto/generated/contact.pb.go:55.2,55.24 1 0
kademlia/proto/generated/contact.pb.go:60.2,61.1 1 0
kademlia/proto/generated/contact.pb.go:64.2,64.14 1 0
kademlia/proto/generated/contact.pb.go:65.3,66.1 1 0
kademlia/proto/generated/contact.pb.go:67.2,67.12 1 0
kademlia/proto/generated/contact.pb.go:71.2,71.14 1 0
kademlia/proto/generated/contact.pb.go:72.3,73.1 1 0
kademlia/proto/generated/contact.pb.go:74.2,74.11 1 0
kademlia/proto/generated/contact.pb.go:78.2,78.14 1 0
kademlia/proto/generated/contact.pb.go:79.3,80.1 1 0
kademlia/proto/generated/contact.pb.go:81.2,81.10 1 0
kademlia/proto/generated/contact.pb.go:101.2,101.43 1 0
kademlia/proto/generated/contact.pb.go:102.3,103.1 1 0
kademlia/proto/generated/contact.pb.go:104.2,104.39 1 0
kademlia/proto/generated/contact.pb.go:119.15,119.42 1 0
kademlia/proto/generated/contact.pb.go:121.2,121.31 1 0
kademlia/proto/generated/contact.pb.go:122.3,123.1 1 0
kademlia/proto/generated/contact.pb.go:124.2,140.34 5 0
kademlia/proto/generated/find_node.pb.go:32.2,36.1 4 0
kademlia/proto/generated/find_node.pb.go:39.2,40.1 1 0
kademlia/proto/generated/find_node.pb.go:42.34,42.34 0 0
kademlia/proto/generated/find_node.pb.go:45.2,46.14 2 0
kademlia/proto/generated/find_node.pb.go:47.3,48.34 2 0
kademlia/proto/generated/find_node.pb.go:49.4,50.1 1 0
kademlia/proto/generated/find_node.pb.go:51.3,51.12 1 0
kademlia/proto/generated/find_node.pb.go:53.2,53.24 1 0
kademlia/proto/generated/find_node.pb.go:58.2,59.1 1 0
kademlia/proto/generated/find_node.pb.go:62.2,62.14 1 0
kademlia/proto/generated/find_node.pb.go:63.3,64.1 1 0
kademlia/proto/generated/find_node.pb.go:65.2,65.12 1 0
kademlia/proto/generated/find_node.pb.go:82.2,82.45 1 0
kademlia/proto/generated/find_node.pb.go:83.3,84.1 1 0
kademlia/proto/generated/find_node.pb.go:85.2,85.41 1 0
kademlia/proto/generated/find_node.pb.go:100.15,100.44 1 0
kademlia/proto/generated/find_node.pb.go:102.2,102.33 1 0
kademlia/proto/generated/find_node.pb.go:103.3,104.1 1 0
kademlia/proto/generated/find_node.pb.go:105.2,121.36 5 0
kademlia/proto/generated/find_node_response.pb.go:32.2,36.1 4 0
kademlia/proto/generated/find_node_response.pb.go:39.2,40.1 1 0
kademlia/proto/generated/find_node_response.pb.go:42.42,42.42 0 0
kademlia/proto/generated/find_node_response.pb.go:45.2,46.14 2 0
kademlia/proto/generated/find_node_response.pb.go:47.3,48.34 2 0
kademlia/proto/generated/find_node_response.pb.go:49.4,50.1 1 0
kademlia/proto/generated/find_node_response.pb.go:51.3,51.12 1 0
kademlia/proto/generated/find_node_response.pb.go:53.2,53.24 1 0
kademlia/proto/generated/find_node_response.pb.go:58.2,59.1 1 0
kademlia/proto/generated/find_node_response.pb.go:62.2,62.14 1 0
kademlia/proto/generated/find_node_response.pb.go:63.3,64.1 1 0
kademlia/proto/generated/find_node_response.pb.go:65.2,65.12 1 0
kademlia/proto/generated/find_node_response.pb.go:78.2,82.1 4 0
kademlia/proto/generated/find_node_response.pb.go:85.2,86.1 1 0
kademlia/proto/generated/find_node_response.pb.go:88.33,88.33 0 0
kademlia/proto/generated/find_node_response.pb.go:91.2,92.14 2 0
kademlia/proto/generated/find_node_response.pb.go:93.3,94.34 2 0
kademlia/proto/generated/find_node_response.pb.go:95.4,96.1 1 0
kademlia/proto/generated/find_node_response.pb.go:97.3,97.12 1 0
kademlia/proto/generated/find_node_response.pb.go:99.2,99.24 1 0
kademlia/proto/generated/find_node_response.pb.go:104.2,105.1 1 0
kademlia/proto/generated/find_node_response.pb.go:108.2,108.14 1 0
kademlia/proto/generated/find_node_response.pb.go:109.3,110.1 1 0
kademlia/proto/generated/find_node_response.pb.go:111.2,111.11 1 0
kademlia/proto/generated/find_node_response.pb.go:115.2,115.14 1 0
kademlia/proto/generated/find_node_response.pb.go:116.3,117.1 1 0
kademlia/proto/generated/find_node_response.pb.go:118.2,118.10 1 0
kademlia/proto/generated/find_node_response.pb.go:122.2,122.14 1 0
kademlia/proto/generated/find_node_response.pb.go:123.3,124.1 1 0
kademlia/proto/generated/find_node_response.pb.go:125.2,125.12 1 0
kademlia/proto/generated/find_node_response.pb.go:148.2,148.54 1 0
kademlia/proto/generated/find_node_response.pb.go:149.3,150.1 1 0
kademlia/proto/generated/find_node_response.pb.go:151.2,151.50 1 0
kademlia/proto/generated/find_node_response.pb.go:168.15,168.53 1 0
kademlia/proto/generated/find_node_response.pb.go:170.2,170.42 1 0
kademlia/proto/generated/find_node_response.pb.go:171.3,172.1 1 0
kademlia/proto/generated/find_node_response.pb.go:173.2,189.45 5 0
kademlia/proto/generated/find_value.pb.go:34.2,38.1 4 0
kademlia/proto/generated/find_value.pb.go:41.2,42.1 1 0
kademlia/proto/generated/find_value.pb.go:44.35,44.35 0 0
kademlia/proto/generated/find_value.pb.go:47.2,48.14 2 0
kademlia/proto/generated/find_value.pb.go:49.3,50.34 2 0
kademlia/proto/generated/find_value.pb.go:51.4,52.1 1 0
kademlia/proto/generated/find_value.pb.go:53.3,53.12 1 0
kademlia/proto/generated/find_value.pb.go:55.2,55.24 1 0
kademlia/proto/generated/find_value.pb.go:60.2,61.1 1 0
kademlia/proto/generated/find_value.pb.go:64.2,64.14 1 0
kademlia/proto/generated/find_value.pb.go:65.3,66.1 1 0
kademlia/proto/generated/find_value.pb.go:67.2,67.12 1 0
kademlia/proto/generated/find_value.pb.go:71.2,71.14 1 0
kademlia/proto/generated/find_value.pb.go:72.3,73.1 1 0
kademlia/proto/generated/find_value.pb.go:74.2,74.12 1 0
kademlia/proto/generated/find_value.pb.go:78.2,78.14 1 0
kademlia/proto/generated/find_value.pb.go:79.3,80.1 1 0
kademlia/proto/generated/find_value.pb.go:81.2,81.12 1 0
kademlia/proto/generated/find_value.pb.go:100.2,100.46 1 0
kademlia/proto/generated/find_value.pb.go:101.3,102.1 1 0
kademlia/proto/generated/find_value.pb.go:103.2,103.42 1 0
kademlia/proto/generated/find_value.pb.go:118.15,118.45 1 0
kademlia/proto/generated/find_value.pb.go:120.2,120.34 1 0
kademlia/proto/generated/find_value.pb.go:121.3,122.1 1 0
kademlia/proto/generated/find_value.pb.go:123.2,139.37 5 0
kademlia/proto/generated/find_value_response.pb.go:33.2,37.1 4 0
kademlia/proto/generated/find_value_response.pb.go:40.2,41.1 1 0
kademlia/proto/generated/find_value_response.pb.go:43.43,43.43 0 0
kademlia/proto/generated/find_value_response.pb.go:46.2,47.14 2 0
kademlia/proto/generated/find_value_response.pb.go:48.3,49.34 2 0
kademlia/proto/generated/find_value_response.pb.go:50.4,51.1 1 0
kademlia/proto/generated/find_value_response.pb.go:52.3,52.12 1 0
kademlia/proto/generated/find_value_response.pb.go:54.2,54.24 1 0
kademlia/proto/generated/find_value_response.pb.go:59.2,60.1 1 0
kademlia/proto/generated/find_value_response.pb.go:63.2,63.14 1 0
kademlia/proto/generated/find_value_response.pb.go:64.3,65.1 1 0
kademlia/proto/generated/find_value_response.pb.go:66.2,66.12 1 0
kademlia/proto/generated/find_value_response.pb.go:70.2,70.14 1 0
kademlia/proto/generated/find_value_response.pb.go:71.3,72.1 1 0
kademlia/proto/generated/find_value_response.pb.go:73.2,73.11 1 0
kademlia/proto/generated/find_value_response.pb.go:91.2,91.55 1 0
kademlia/proto/generated/find_value_response.pb.go:92.3,93.1 1 0
kademlia/proto/generated/find_value_response.pb.go:94.2,94.51 1 0
kademlia/proto/generated/find_value_response.pb.go:111.15,111.54 1 0
kademlia/proto/generated/find_value_response.pb.go:113.2,113.43 1 0
kademlia/proto/generated/find_value_response.pb.go:114.3,115.1 1 0
kademlia/proto/generated/find_value_response.pb.go:116.2,133.46 6 0
kademlia/proto/generated/message.pb.go:41.2,45.1 4 0
kademlia/proto/generated/message.pb.go:48.2,49.1 1 0
kademlia/proto/generated/message.pb.go:51.33,51.33 0 0
kademlia/proto/generated/message.pb.go:54.2,55.14 2 0
kademlia/proto/generated/message.pb.go:56.3,57.34 2 0
kademlia/proto/generated/message.pb.go:58.4,59.1 1 0
kademlia/proto/generated/message.pb.go:60.3,60.12 1 0
kademlia/proto/generated/message.pb.go:62.2,62.24 1 0
kademlia/proto/generated/message.pb.go:67.2,68.1 1 0
kademlia/proto/generated/message.pb.go:71.2,71.14 1 0
kademlia/proto/generated/message.pb.go:72.3,73.1 1 0
kademlia/proto/generated/message.pb.go:74.2,74.12 1 0
kademlia/proto/generated/message.pb.go:78.2,78.14 1 0
kademlia/proto/generated/message.pb.go:79.3,80.1 1 0
kademlia/proto/generated/message.pb.go:81.2,81.12 1 0
kademlia/proto/generated/message.pb.go:85.2,85.14 1 0
kademlia/proto/generated/message.pb.go:86.3,86.45 1 0
kademlia/proto/generated/message.pb.go:87.4,88.1 1 0
kademlia/proto/generated/message.pb.go:90.2,90.12 1 0
kademlia/proto/generated/message.pb.go:94.2,94.14 1 0
kademlia/proto/generated/message.pb.go:95.3,95.49 1 0
kademlia/proto/generated/message.pb.go:96.4,97.1 1 0
kademlia/proto/generated/message.pb.go:99.2,99.12 1 0
kademlia/proto/generated/message.pb.go:103.2,103.14 1 0
kademlia/proto/generated/message.pb.go:104.3,104.50 1 0
kademlia/proto/generated/message.pb.go:105.4,106.1 1 0
kademlia/proto/generated/message.pb.go:108.2,108.12 1 0
kademlia/proto/generated/message.pb.go:112.2,112.14 1 0
kademlia/proto/generated/message.pb.go:113.3,113.56 1 0
kademlia/proto/generated/message.pb.go:114.4,115.1 1 0
kademlia/proto/generated/message.pb.go:117.2,117.12 1 0
kademlia/proto/generated/message.pb.go:121.2,121.14 1 0
kademlia/proto/generated/message.pb.go:122.3,122.58 1 0
kademlia/proto/generated/message.pb.go:123.4,124.1 1 0
kademlia/proto/generated/message.pb.go:126.2,126.12 1 0
kademlia/proto/generated/message.pb.go:130.2,130.14 1 0
kademlia/proto/generated/message.pb.go:131.3,131.46 1 0
kademlia/proto/generated/message.pb.go:132.4,133.1 1 0
kademlia/proto/generated/message.pb.go:135.2,135.12 1 0
kademlia/proto/generated/message.pb.go:166.43,166.43 0 0
kademlia/proto/generated/message.pb.go:168.47,168.47 0 0
kademlia/proto/generated/message.pb.go:170.48,170.48 0 0
kademlia/proto/generated/message.pb.go:172.54,172.54 0 0
kademlia/proto/generated/message.pb.go:174.56,174.56 0 0
kademlia/proto/generated/message.pb.go:176.44,176.44 0 0
kademlia/proto/generated/message.pb.go:202.2,202.43 1 0
kademlia/proto/generated/message.pb.go:203.3,204.1 1 0
kademlia/proto/generated/message.pb.go:205.2,205.39 1 0
kademlia/proto/generated/message.pb.go:234.15,234.42 1 0
kademlia/proto/generated/message.pb.go:236.2,236.31 1 0
kademlia/proto/generated/message.pb.go:237.3,238.1 1 0
kademlia/proto/generated/message.pb.go:239.2,253.1 13 0
kademlia/proto/generated/message.pb.go:254.2,270.34 13 0
kademlia/proto/generated/ping.pb.go:32.2,36.1 4 0
kademlia/proto/generated/ping.pb.go:39.2,40.1 1 0
kademlia/proto/generated/ping.pb.go:42.30,42.30 0 0
kademlia/proto/generated/ping.pb.go:45.2,46.14 2 0
kademlia/proto/generated/ping.pb.go:47.3,48.34 2 0
kademlia/proto/generated/ping.pb.go:49.4,50.1 1 0
kademlia/proto/generated/ping.pb.go:51.3,51.12 1 0
kademlia/proto/generated/ping.pb.go:53.2,53.24 1 0
kademlia/proto/generated/ping.pb.go:58.2,59.1 1 0
kademlia/proto/generated/ping.pb.go:62.2,62.14 1 0
kademlia/proto/generated/ping.pb.go:63.3,64.1 1 0
kademlia/proto/generated/ping.pb.go:65.2,65.11 1 0
kademlia/proto/generated/ping.pb.go:83.2,83.40 1 0
kademlia/proto/generated/ping.pb.go:84.3,85.1 1 0
kademlia/proto/generated/ping.pb.go:86.2,86.36 1 0
kademlia/proto/generated/ping.pb.go:101.15,101.39 1 0
kademlia/proto/generated/ping.pb.go:103.2,103.28 1 0
kademlia/proto/generated/ping.pb.go:104.3,105.1 1 0
kademlia/proto/generated/ping.pb.go:106.2,122.31 5 0
kademlia/proto/generated/pong.pb.go:32.2,36.1 4 0
kademlia/proto/generated/pong.pb.go:39.2,40.1 1 0
kademlia/proto/generated/pong.pb.go:42.30,42.30 0 0
kademlia/proto/generated/pong.pb.go:45.2,46.14 2 0
kademlia/proto/generated/pong.pb.go:47.3,48.34 2 0
kademlia/proto/generated/pong.pb.go:49.4,50.1 1 0
kademlia/proto/generated/pong.pb.go:51.3,51.12 1 0
kademlia/proto/generated/pong.pb.go:53.2,53.24 1 0
kademlia/proto/generated/pong.pb.go:58.2,59.1 1 0
kademlia/proto/generated/pong.pb.go:62.2,62.14 1 0
kademlia/proto/generated/pong.pb.go:63.3,64.1 1 0
kademlia/proto/generated/pong.pb.go:65.2,65.11 1 0
kademlia/proto/generated/pong.pb.go:83.2,83.40 1 0
kademlia/proto/generated/pong.pb.go:84.3,85.1 1 0
kademlia/proto/generated/pong.pb.go:86.2,86.36 1 0
kademlia/proto/generated/pong.pb.go:101.15,101.39 1 0
kademlia/proto/generated/pong.pb.go:103.2,103.28 1 0
kademlia/proto/generated/pong.pb.go:104.3,105.1 1 0
kademlia/proto/generated/pong.pb.go:106.2,122.31 5 0
kademlia/proto/generated/store.pb.go:36.2,40.1 4 0
kademlia/proto/generated/store.pb.go:43.2,44.1 1 0
kademlia/proto/generated/store.pb.go:46.31,46.31 0 0
kademlia/proto/generated/store.pb.go:49.2,50.14 2 0
kademlia/proto/generated/store.pb.go:51.3,52.34 2 0
kademlia/proto/generated/store.pb.go:53.4,54.1 1 0
kademlia/proto/generated/store.pb.go:55.3,55.12 1 0
kademlia/proto/generated/store.pb.go:57.2,57.24 1 0
kademlia/proto/generated/store.pb.go:62.2,63.1 1 0
kademlia/proto/generated/store.pb.go:66.2,66.14 1 0
kademlia/proto/generated/store.pb.go:67.3,68.1 1 0
kademlia/proto/generated/store.pb.go:69.2,69.12 1 0
kademlia/proto/generated/store.pb.go:73.2,73.14 1 0
kademlia/proto/generated/store.pb.go:74.3,75.1 1 0
kademlia/proto/generated/store.pb.go:76.2,76.12 1 0
kademlia/proto/generated/store.pb.go:80.2,80.14 1 0
kademlia/proto/generated/store.pb.go:81.3,82.1 1 0
kademlia/proto/generated/store.pb.go:83.2,83.10 1 0
kademlia/proto/generated/store.pb.go:87.2,87.14 1 0
kademlia/proto/generated/store.pb.go:88.3,89.1 1 0
kademlia/proto/generated/store.pb.go:90.2,90.12 1 0
kademlia/proto/generated/store.pb.go:94.2,94.14 1 0
kademlia/proto/generated/store.pb.go:95.3,96.1 1 0
kademlia/proto/generated/store.pb.go:97.2,97.12 1 0
kademlia/proto/generated/store.pb.go:118.2,118.41 1 0
kademlia/proto/generated/store.pb.go:119.3,120.1 1 0
kademlia/proto/generated/store.pb.go:121.2,121.37 1 0
kademlia/proto/generated/store.pb.go:136.15,136.40 1 0
kademlia/proto/generated/store.pb.go:138.2,138.29 1 0
kademlia/proto/generated/store.pb.go:139.3,140.1 1 0
kademlia/proto/generated/store.pb.go:141.2,157.32 5 0
